#
# There is insufficient memory for the Java Runtime Environment to continue.
# Native memory allocation (malloc) failed to allocate 1137152 bytes. Error detail: Chunk::new
# Possible reasons:
#   The system is out of physical RAM or swap space
#   This process is running with CompressedOops enabled, and the Java Heap may be blocking the growth of the native heap
# Possible solutions:
#   Reduce memory load on the system
#   Increase physical memory or swap space
#   Check if swap backing store is full
#   Decrease Java heap size (-Xmx/-Xms)
#   Decrease number of Java threads
#   Decrease Java thread stack sizes (-Xss)
#   Set larger code cache with -XX:ReservedCodeCacheSize=
#   JVM is running with Unscaled Compressed Oops mode in which the Java heap is
#     placed in the first 4GB address space. The Java Heap base address is the
#     maximum limit for the native heap growth. Please use -XX:HeapBaseMinAddress
#     to set the Java Heap base and to place the Java Heap above 4GB virtual address.
# This output file may be truncated or incomplete.
#
#  Out of Memory Error (arena.cpp:168), pid=11884, tid=19076
#
# JRE version: OpenJDK Runtime Environment Temurin-21.0.10+7 (21.0.10+7) (build 21.0.10+7-LTS)
# Java VM: OpenJDK 64-Bit Server VM Temurin-21.0.10+7 (21.0.10+7-LTS, mixed mode, sharing, tiered, compressed oops, compressed class ptrs, parallel gc, windows-amd64)
# No core dump will be written. Minidumps are not enabled by default on client versions of Windows
#

---------------  S U M M A R Y ------------

Command Line: --add-modules=ALL-SYSTEM --add-opens=java.base/java.util=ALL-UNNAMED --add-opens=java.base/java.lang=ALL-UNNAMED --add-opens=java.base/sun.nio.fs=ALL-UNNAMED -Declipse.application=org.eclipse.jdt.ls.core.id1 -Dosgi.bundles.defaultStartLevel=4 -Declipse.product=org.eclipse.jdt.ls.core.product -Djava.import.generatesMetadataFilesAtProjectRoot=false -DDetectVMInstallationsJob.disabled=true -Dfile.encoding=utf8 -XX:+UseParallelGC -XX:GCTimeRatio=4 -XX:AdaptiveSizePolicyWeight=90 -Dsun.zip.disableMemoryMapping=true -Xmx2G -Xms100m -Xlog:disable -javaagent:c:\Users\HP\.vscode\extensions\redhat.java-1.54.0-win32-x64\lombok\lombok-1.18.39-4050.jar -XX:+HeapDumpOnOutOfMemoryError -XX:HeapDumpPath=c:\Users\HP\AppData\Roaming\Code\User\workspaceStorage\fc21bd3717c1e2f1a5010a1d1bf1de0b\redhat.java -Daether.dependencyCollector.impl=bf c:\Users\HP\.vscode\extensions\redhat.java-1.54.0-win32-x64\server\plugins\org.eclipse.equinox.launcher_1.7.100.v20251111-0406.jar -configuration c:\Users\HP\AppData\Roaming\Code\User\globalStorage\redhat.java\1.54.0\config_win -data c:\Users\HP\AppData\Roaming\Code\User\workspaceStorage\fc21bd3717c1e2f1a5010a1d1bf1de0b\redhat.java\jdt_ws --pipe=\\.\pipe\lsp-25af8650dc106e5258aedda6ee162c96-sock

Host: 11th Gen Intel(R) Core(TM) i3-1115G4 @ 3.00GHz, 4 cores, 7G,  Windows 11 , 64 bit Build 26100 (10.0.26100.8521)
Time: Thu Jun 25 21:29:30 2026 SE Asia Standard Time elapsed time: 193.499238 seconds (0d 0h 3m 13s)

---------------  T H R E A D  ---------------

Current thread (0x0000029e98247080):  JavaThread "C2 CompilerThread0" daemon [_thread_in_native, id=19076, stack(0x000000ebe8f00000,0x000000ebe9000000) (1024K)]


Current CompileTask:
C2:193499 16083       4       org.eclipse.jdt.internal.compiler.parser.Scanner::internalScanIdentifierOrKeyword (5041 bytes)

Stack: [0x000000ebe8f00000,0x000000ebe9000000]
Native frames: (J=compiled Java code, j=interpreted, Vv=VM code, C=native code)
V  [jvm.dll+0x6d7a39]
V  [jvm.dll+0x8b4b26]
V  [jvm.dll+0x8b70de]
V  [jvm.dll+0x8b77c3]
V  [jvm.dll+0x284346]
V  [jvm.dll+0xc66ed]
V  [jvm.dll+0xc6c31]
V  [jvm.dll+0x3bec3b]
V  [jvm.dll+0x38b162]
V  [jvm.dll+0x38a5aa]
V  [jvm.dll+0x24c560]
V  [jvm.dll+0x24bb40]
V  [jvm.dll+0x1cb34e]
V  [jvm.dll+0x25b85d]
V  [jvm.dll+0x259dea]
V  [jvm.dll+0x3f857e]
V  [jvm.dll+0x85f59d]
V  [jvm.dll+0x6d626d]
C  [ucrtbase.dll+0x2cd30]
C  [KERNEL32.DLL+0x2e957]
C  [ntdll.dll+0x87c1c]


---------------  P R O C E S S  ---------------

Threads class SMR info:
_java_thread_list=0x0000029ee15eca10, length=46, elements={
0x0000029effddd1f0, 0x0000029effe99340, 0x0000029effe9c570, 0x0000029e98240200,
0x0000029e98240d60, 0x0000029e982437d0, 0x0000029e98244230, 0x0000029e98247080,
0x0000029e982c23a0, 0x0000029ede1686a0, 0x0000029ede28f020, 0x0000029edeb3a8a0,
0x0000029edeb99c00, 0x0000029edeb6a940, 0x0000029edeb6b380, 0x0000029edea40a20,
0x0000029ede242c70, 0x0000029ede023540, 0x0000029ede615320, 0x0000029ede614c90,
0x0000029ede6159b0, 0x0000029ede6166d0, 0x0000029ede6173f0, 0x0000029ede1e4860,
0x0000029ede1e5c10, 0x0000029ede1e5580, 0x0000029ede1e4ef0, 0x0000029ede1e6930,
0x0000029ede1e41d0, 0x0000029ede1e62a0, 0x0000029ede1e3b40, 0x0000029ede1e34b0,
0x0000029ede1e9090, 0x0000029ede1e9db0, 0x0000029ede1ea440, 0x0000029ede1e6fc0,
0x0000029ede1e8370, 0x0000029ede1eaad0, 0x0000029ede1e7650, 0x0000029edf33dd10,
0x0000029edf33bc40, 0x0000029edf33ea30, 0x0000029edf33c2d0, 0x0000029edf33f0c0,
0x0000029edf33d680, 0x0000029edf343260
}

Java Threads: ( => current thread )
  0x0000029effddd1f0 JavaThread "main"                              [_thread_blocked, id=18720, stack(0x000000ebe8500000,0x000000ebe8600000) (1024K)]
  0x0000029effe99340 JavaThread "Reference Handler"          daemon [_thread_blocked, id=19852, stack(0x000000ebe8900000,0x000000ebe8a00000) (1024K)]
  0x0000029effe9c570 JavaThread "Finalizer"                  daemon [_thread_blocked, id=19444, stack(0x000000ebe8a00000,0x000000ebe8b00000) (1024K)]
  0x0000029e98240200 JavaThread "Signal Dispatcher"          daemon [_thread_blocked, id=12196, stack(0x000000ebe8b00000,0x000000ebe8c00000) (1024K)]
  0x0000029e98240d60 JavaThread "Attach Listener"            daemon [_thread_blocked, id=7512, stack(0x000000ebe8c00000,0x000000ebe8d00000) (1024K)]
  0x0000029e982437d0 JavaThread "Service Thread"             daemon [_thread_blocked, id=484, stack(0x000000ebe8d00000,0x000000ebe8e00000) (1024K)]
  0x0000029e98244230 JavaThread "Monitor Deflation Thread"   daemon [_thread_blocked, id=15864, stack(0x000000ebe8e00000,0x000000ebe8f00000) (1024K)]
=>0x0000029e98247080 JavaThread "C2 CompilerThread0"         daemon [_thread_in_native, id=19076, stack(0x000000ebe8f00000,0x000000ebe9000000) (1024K)]
  0x0000029e982c23a0 JavaThread "C1 CompilerThread0"         daemon [_thread_blocked, id=19884, stack(0x000000ebe9000000,0x000000ebe9100000) (1024K)]
  0x0000029ede1686a0 JavaThread "Common-Cleaner"             daemon [_thread_blocked, id=19040, stack(0x000000ebe9100000,0x000000ebe9200000) (1024K)]
  0x0000029ede28f020 JavaThread "Notification Thread"        daemon [_thread_blocked, id=12368, stack(0x000000ebe9200000,0x000000ebe9300000) (1024K)]
  0x0000029edeb3a8a0 JavaThread "Active Thread: Equinox Container: f1caa818-6afc-4b61-9838-f9934178a85b"        [_thread_blocked, id=17868, stack(0x000000ebe9600000,0x000000ebe9700000) (1024K)]
  0x0000029edeb99c00 JavaThread "Refresh Thread: Equinox Container: f1caa818-6afc-4b61-9838-f9934178a85b" daemon [_thread_blocked, id=3888, stack(0x000000ebe9700000,0x000000ebe9800000) (1024K)]
  0x0000029edeb6a940 JavaThread "Framework Event Dispatcher: Equinox Container: f1caa818-6afc-4b61-9838-f9934178a85b" daemon [_thread_blocked, id=19284, stack(0x000000ebe9800000,0x000000ebe9900000) (1024K)]
  0x0000029edeb6b380 JavaThread "Start Level: Equinox Container: f1caa818-6afc-4b61-9838-f9934178a85b" daemon [_thread_blocked, id=16428, stack(0x000000ebe9900000,0x000000ebe9a00000) (1024K)]
  0x0000029edea40a20 JavaThread "Bundle File Closer"         daemon [_thread_blocked, id=20468, stack(0x000000ebe9a00000,0x000000ebe9b00000) (1024K)]
  0x0000029ede242c70 JavaThread "SCR Component Actor"        daemon [_thread_blocked, id=14108, stack(0x000000ebe9b00000,0x000000ebe9c00000) (1024K)]
  0x0000029ede023540 JavaThread "Worker-JM"                         [_thread_blocked, id=10796, stack(0x000000ebe9c00000,0x000000ebe9d00000) (1024K)]
  0x0000029ede615320 JavaThread "JNA Cleaner"                daemon [_thread_blocked, id=18220, stack(0x000000ebe9d00000,0x000000ebe9e00000) (1024K)]
  0x0000029ede614c90 JavaThread "Worker-0: Initialize workspace"        [_thread_blocked, id=12656, stack(0x000000ebe9e00000,0x000000ebe9f00000) (1024K)]
  0x0000029ede6159b0 JavaThread "Worker-2"                          [_thread_blocked, id=15332, stack(0x000000ebea000000,0x000000ebea100000) (1024K)]
  0x0000029ede6166d0 JavaThread "Worker-3: Building"                [_thread_in_vm, id=16252, stack(0x000000ebea100000,0x000000ebea200000) (1024K)]
  0x0000029ede6173f0 JavaThread "Java indexing"              daemon [_thread_in_native, id=1052, stack(0x000000ebea200000,0x000000ebea300000) (1024K)]
  0x0000029ede1e4860 JavaThread "Thread-1"                   daemon [_thread_in_native, id=11328, stack(0x000000ebea600000,0x000000ebea700000) (1024K)]
  0x0000029ede1e5c10 JavaThread "Thread-2"                   daemon [_thread_in_native, id=17852, stack(0x000000ebea700000,0x000000ebea800000) (1024K)]
  0x0000029ede1e5580 JavaThread "Thread-3"                   daemon [_thread_in_native, id=19552, stack(0x000000ebea800000,0x000000ebea900000) (1024K)]
  0x0000029ede1e4ef0 JavaThread "Thread-4"                   daemon [_thread_in_native, id=2732, stack(0x000000ebea900000,0x000000ebeaa00000) (1024K)]
  0x0000029ede1e6930 JavaThread "Thread-5"                   daemon [_thread_in_native, id=19060, stack(0x000000ebeaa00000,0x000000ebeab00000) (1024K)]
  0x0000029ede1e41d0 JavaThread "pool-2-thread-1"                   [_thread_blocked, id=7000, stack(0x000000ebeac00000,0x000000ebead00000) (1024K)]
  0x0000029ede1e62a0 JavaThread "WorkspaceEventsHandler"            [_thread_blocked, id=5268, stack(0x000000ebeab00000,0x000000ebeac00000) (1024K)]
  0x0000029ede1e3b40 JavaThread "pool-1-thread-1"                   [_thread_blocked, id=3536, stack(0x000000ebead00000,0x000000ebeae00000) (1024K)]
  0x0000029ede1e34b0 JavaThread "Worker-5"                          [_thread_blocked, id=13168, stack(0x000000ebe8400000,0x000000ebe8500000) (1024K)]
  0x0000029ede1e9090 JavaThread "Worker-6"                          [_thread_blocked, id=17660, stack(0x000000ebeae00000,0x000000ebeaf00000) (1024K)]
  0x0000029ede1e9db0 JavaThread "LocalFile Deleter"          daemon [_thread_blocked, id=10804, stack(0x000000ebeb000000,0x000000ebeb100000) (1024K)]
  0x0000029ede1ea440 JavaThread "LocalFile Deleter"          daemon [_thread_blocked, id=6340, stack(0x000000ebeb100000,0x000000ebeb200000) (1024K)]
  0x0000029ede1e6fc0 JavaThread "LocalFile Deleter"          daemon [_thread_blocked, id=5204, stack(0x000000ebeb200000,0x000000ebeb300000) (1024K)]
  0x0000029ede1e8370 JavaThread "Compiler Source File Reader" daemon [_thread_blocked, id=14032, stack(0x000000ebeb300000,0x000000ebeb400000) (1024K)]
  0x0000029ede1eaad0 JavaThread "Compiler Source File Reader" daemon [_thread_blocked, id=13728, stack(0x000000ebeb400000,0x000000ebeb500000) (1024K)]
  0x0000029ede1e7650 JavaThread "ForkJoinPool.commonPool-worker-1" daemon [_thread_blocked, id=18368, stack(0x000000ebeb500000,0x000000ebeb600000) (1024K)]
  0x0000029edf33dd10 JavaThread "ForkJoinPool.commonPool-worker-2" daemon [_thread_blocked, id=17428, stack(0x000000ebeb600000,0x000000ebeb700000) (1024K)]
  0x0000029edf33bc40 JavaThread "ForkJoinPool.commonPool-worker-3" daemon [_thread_blocked, id=18900, stack(0x000000ebeb700000,0x000000ebeb800000) (1024K)]
  0x0000029edf33ea30 JavaThread "Compiler Processing Task"   daemon [_thread_blocked, id=13896, stack(0x000000ebe8300000,0x000000ebe8400000) (1024K)]
  0x0000029edf33c2d0 JavaThread "Compiler Class File Writer" daemon [_thread_blocked, id=17956, stack(0x000000ebeb800000,0x000000ebeb900000) (1024K)]
  0x0000029edf33f0c0 JavaThread "Compiler Class File Writer" daemon [_thread_blocked, id=2188, stack(0x000000ebeb900000,0x000000ebeba00000) (1024K)]
  0x0000029edf33d680 JavaThread "LocalFile Deleter"          daemon [_thread_blocked, id=16344, stack(0x000000ebe9f00000,0x000000ebea000000) (1024K)]
  0x0000029edf343260 JavaThread "Worker-7"                          [_thread_blocked, id=19116, stack(0x000000ebea300000,0x000000ebea400000) (1024K)]
Total: 46

Other Threads:
  0x0000029effe7ec20 VMThread "VM Thread"                           [id=5572, stack(0x000000ebe8800000,0x000000ebe8900000) (1024K)]
  0x0000029effe4c300 WatcherThread "VM Periodic Task Thread"        [id=18244, stack(0x000000ebe8700000,0x000000ebe8800000) (1024K)]
  0x0000029effdfb6f0 WorkerThread "GC Thread#0"                     [id=4744, stack(0x000000ebe8600000,0x000000ebe8700000) (1024K)]
  0x0000029ede96e8c0 WorkerThread "GC Thread#1"                     [id=11184, stack(0x000000ebe9300000,0x000000ebe9400000) (1024K)]
  0x0000029ede97e300 WorkerThread "GC Thread#2"                     [id=4696, stack(0x000000ebe9400000,0x000000ebe9500000) (1024K)]
  0x0000029ede643260 WorkerThread "GC Thread#3"                     [id=14808, stack(0x000000ebe9500000,0x000000ebe9600000) (1024K)]
Total: 6

Threads with active compile tasks:
C2 CompilerThread0  193552 16083       4       org.eclipse.jdt.internal.compiler.parser.Scanner::internalScanIdentifierOrKeyword (5041 bytes)
Total: 1

VM state: not at safepoint (normal execution)

VM Mutex/Monitor currently owned by a thread: None

Heap address: 0x0000000080000000, size: 2048 MB, Compressed Oops mode: 32-bit

CDS archive(s) mapped at: [0x0000029e99000000-0x0000029e99ba0000-0x0000029e99ba0000), size 12189696, SharedBaseAddress: 0x0000029e99000000, ArchiveRelocationMode: 1.
Compressed class space mapped at: 0x0000029e9a000000-0x0000029eda000000, reserved size: 1073741824
Narrow klass base: 0x0000029e99000000, Narrow klass shift: 0, Narrow klass range: 0x100000000

GC Precious Log:
 CardTable entry size: 512
 CPUs: 4 total, 4 available
 Memory: 7932M
 Large Page Support: Disabled
 NUMA Support: Disabled
 Compressed Oops: Enabled (32-bit)
 Alignments: Space 512K, Generation 512K, Heap 2M
 Heap Min Capacity: 100M
 Heap Initial Capacity: 100M
 Heap Max Capacity: 2G
 Pre-touch: Disabled
 Parallel Workers: 4

Heap:
 PSYoungGen      total 8704K, used 2956K [0x00000000d5580000, 0x00000000d6900000, 0x0000000100000000)
  eden space 7680K, 25% used [0x00000000d5580000,0x00000000d5769708,0x00000000d5d00000)
  from space 1024K, 97% used [0x00000000d5d00000,0x00000000d5df9aa8,0x00000000d5e00000)
  to   space 6144K, 0% used [0x00000000d6300000,0x00000000d6300000,0x00000000d6900000)
 ParOldGen       total 120832K, used 77669K [0x0000000080000000, 0x0000000087600000, 0x00000000d5580000)
  object space 120832K, 64% used [0x0000000080000000,0x0000000084bd9788,0x0000000087600000)
 Metaspace       used 73368K, committed 74880K, reserved 1179648K
  class space    used 7335K, committed 8000K, reserved 1048576K

Card table byte_map: [0x0000029e93640000,0x0000029e93a50000] _byte_map_base: 0x0000029e93240000

Marking Bits: (ParMarkBitMap*) 0x00007ffe909f3450
 Begin Bits: [0x0000029e93d00000, 0x0000029e95d00000)
 End Bits:   [0x0000029e95d00000, 0x0000029e97d00000)

Polling page: 0x0000029effa20000

Metaspace:

Usage:
  Non-class:     64.49 MB used.
      Class:      7.16 MB used.
       Both:     71.65 MB used.

Virtual space:
  Non-class space:      128.00 MB reserved,      65.31 MB ( 51%) committed,  2 nodes.
      Class space:        1.00 GB reserved,       7.81 MB ( <1%) committed,  1 nodes.
             Both:        1.12 GB reserved,      73.12 MB (  6%) committed. 

Chunk freelists:
   Non-Class:  13.94 MB
       Class:  8.22 MB
        Both:  22.16 MB

MaxMetaspaceSize: unlimited
CompressedClassSpaceSize: 1.00 GB
Initial GC threshold: 21.00 MB
Current GC threshold: 120.25 MB
CDS: on
 - commit_granule_bytes: 65536.
 - commit_granule_words: 8192.
 - virtual_space_node_default_size: 8388608.
 - enlarge_chunks_in_place: 1.
 - use_allocation_guard: 0.


Internal statistics:

num_allocs_failed_limit: 9.
num_arena_births: 1358.
num_arena_deaths: 26.
num_vsnodes_births: 3.
num_vsnodes_deaths: 0.
num_space_committed: 1170.
num_space_uncommitted: 0.
num_chunks_returned_to_freelist: 41.
num_chunks_taken_from_freelist: 5066.
num_chunk_merges: 17.
num_chunk_splits: 3021.
num_chunks_enlarged: 1561.
num_inconsistent_stats: 0.

CodeHeap 'non-profiled nmethods': size=120000Kb used=13909Kb max_used=13909Kb free=106090Kb
 bounds [0x0000029e8c020000, 0x0000029e8cdd0000, 0x0000029e93550000]
CodeHeap 'profiled nmethods': size=120000Kb used=37721Kb max_used=37856Kb free=82278Kb
 bounds [0x0000029e84550000, 0x0000029e86a50000, 0x0000029e8ba80000]
CodeHeap 'non-nmethods': size=5760Kb used=1466Kb max_used=1538Kb free=4293Kb
 bounds [0x0000029e8ba80000, 0x0000029e8bcf0000, 0x0000029e8c020000]
CodeCache: size=245760Kb, used=53096Kb, max_used=53303Kb, free=192661Kb
 total_blobs=15218, nmethods=14445, adapters=676, full_count=0
Compilation: enabled, stopped_count=0, restarted_count=0

Compilation events (20 events):
Event: 192.931 Thread 0x0000029e982c23a0 16077       3       org.eclipse.jdt.internal.compiler.ast.TypeDeclaration::needClassInitMethod (101 bytes)
Event: 192.931 Thread 0x0000029e982c23a0 nmethod 16077 0x0000029e84fd9910 code [0x0000029e84fd9b00, 0x0000029e84fd9f50]
Event: 193.225 Thread 0x0000029e98247080 nmethod 16071 0x0000029e8cdb2690 code [0x0000029e8cdb3020, 0x0000029e8cdbb838]
Event: 193.226 Thread 0x0000029e98247080 16078       4       lombok.core.LombokNode::top (8 bytes)
Event: 193.228 Thread 0x0000029e98247080 nmethod 16078 0x0000029e8c57a990 code [0x0000029e8c57ab20, 0x0000029e8c57abc8]
Event: 193.228 Thread 0x0000029e98247080 16074       4       org.eclipse.jdt.internal.compiler.util.CharDelegateMap::<init> (37 bytes)
Event: 193.232 Thread 0x0000029e98247080 nmethod 16074 0x0000029e8c251a10 code [0x0000029e8c251bc0, 0x0000029e8c251f98]
Event: 193.232 Thread 0x0000029e98247080 16075       4       org.eclipse.jdt.internal.compiler.util.CharArrayMap::<init> (38 bytes)
Event: 193.236 Thread 0x0000029e98247080 nmethod 16075 0x0000029e8c251410 code [0x0000029e8c2515a0, 0x0000029e8c2518c0]
Event: 193.292 Thread 0x0000029e98247080 16079       4       org.eclipse.jdt.internal.compiler.env.IModuleAwareNameEnvironment$LookupStrategy::matches (12 bytes)
Event: 193.293 Thread 0x0000029e98247080 nmethod 16079 0x0000029e8c251090 code [0x0000029e8c251220, 0x0000029e8c2512e8]
Event: 193.302 Thread 0x0000029e982c23a0 16080       3       org.eclipse.jdt.internal.compiler.ast.CompilationUnitDeclaration::<init> (44 bytes)
Event: 193.303 Thread 0x0000029e982c23a0 nmethod 16080 0x0000029e853fa510 code [0x0000029e853fa6c0, 0x0000029e853fa948]
Event: 193.324 Thread 0x0000029e982c23a0 16081       3       org.eclipse.jdt.internal.compiler.ast.TypeDeclaration::checkConstructors (170 bytes)
Event: 193.329 Thread 0x0000029e982c23a0 nmethod 16081 0x0000029e853f8f10 code [0x0000029e853f91a0, 0x0000029e853fa018]
Event: 193.344 Thread 0x0000029e982c23a0 16082       3       org.eclipse.jdt.internal.core.builder.NameEnvironment::findClass (486 bytes)
Event: 193.353 Thread 0x0000029e982c23a0 nmethod 16082 0x0000029e854f4c10 code [0x0000029e854f54e0, 0x0000029e854fada8]
Event: 193.395 Thread 0x0000029e98247080 16083       4       org.eclipse.jdt.internal.compiler.parser.Scanner::internalScanIdentifierOrKeyword (5041 bytes)
Event: 193.428 Thread 0x0000029e982c23a0 16084       3       org.eclipse.jdt.internal.compiler.parser.Parser::consumeFormalParameterListopt (6 bytes)
Event: 193.428 Thread 0x0000029e982c23a0 nmethod 16084 0x0000029e853f8910 code [0x0000029e853f8ac0, 0x0000029e853f8c88]

GC Heap History (20 events):
Event: 170.773 GC heap before
{Heap before GC invocations=124 (full 4):
 PSYoungGen      total 10752K, used 10014K [0x00000000d5580000, 0x00000000d6100000, 0x0000000100000000)
  eden space 9216K, 99% used [0x00000000d5580000,0x00000000d5e7fb50,0x00000000d5e80000)
  from space 1536K, 52% used [0x00000000d5e80000,0x00000000d5f48020,0x00000000d6000000)
  to   space 1024K, 0% used [0x00000000d6000000,0x00000000d6000000,0x00000000d6100000)
 ParOldGen       total 120832K, used 69651K [0x0000000080000000, 0x0000000087600000, 0x00000000d5580000)
  object space 120832K, 57% used [0x0000000080000000,0x0000000084404f78,0x0000000087600000)
 Metaspace       used 72618K, committed 74112K, reserved 1179648K
  class space    used 7283K, committed 7936K, reserved 1048576K
}
Event: 170.775 GC heap after
{Heap after GC invocations=124 (full 4):
 PSYoungGen      total 9728K, used 448K [0x00000000d5580000, 0x00000000d6080000, 0x0000000100000000)
  eden space 9216K, 0% used [0x00000000d5580000,0x00000000d5580000,0x00000000d5e80000)
  from space 512K, 87% used [0x00000000d6000000,0x00000000d6070040,0x00000000d6080000)
  to   space 1024K, 0% used [0x00000000d5e80000,0x00000000d5e80000,0x00000000d5f80000)
 ParOldGen       total 120832K, used 70297K [0x0000000080000000, 0x0000000087600000, 0x00000000d5580000)
  object space 120832K, 58% used [0x0000000080000000,0x00000000844a6428,0x0000000087600000)
 Metaspace       used 72618K, committed 74112K, reserved 1179648K
  class space    used 7283K, committed 7936K, reserved 1048576K
}
Event: 171.026 GC heap before
{Heap before GC invocations=125 (full 4):
 PSYoungGen      total 9728K, used 9664K [0x00000000d5580000, 0x00000000d6080000, 0x0000000100000000)
  eden space 9216K, 100% used [0x00000000d5580000,0x00000000d5e80000,0x00000000d5e80000)
  from space 512K, 87% used [0x00000000d6000000,0x00000000d6070040,0x00000000d6080000)
  to   space 1024K, 0% used [0x00000000d5e80000,0x00000000d5e80000,0x00000000d5f80000)
 ParOldGen       total 120832K, used 70297K [0x0000000080000000, 0x0000000087600000, 0x00000000d5580000)
  object space 120832K, 58% used [0x0000000080000000,0x00000000844a6428,0x0000000087600000)
 Metaspace       used 72642K, committed 74176K, reserved 1179648K
  class space    used 7284K, committed 7936K, reserved 1048576K
}
Event: 171.028 GC heap after
{Heap after GC invocations=125 (full 4):
 PSYoungGen      total 10240K, used 672K [0x00000000d5580000, 0x00000000d6080000, 0x0000000100000000)
  eden space 9216K, 0% used [0x00000000d5580000,0x00000000d5580000,0x00000000d5e80000)
  from space 1024K, 65% used [0x00000000d5e80000,0x00000000d5f28000,0x00000000d5f80000)
  to   space 1024K, 0% used [0x00000000d5f80000,0x00000000d5f80000,0x00000000d6080000)
 ParOldGen       total 120832K, used 70585K [0x0000000080000000, 0x0000000087600000, 0x00000000d5580000)
  object space 120832K, 58% used [0x0000000080000000,0x00000000844ee428,0x0000000087600000)
 Metaspace       used 72642K, committed 74176K, reserved 1179648K
  class space    used 7284K, committed 7936K, reserved 1048576K
}
Event: 172.004 GC heap before
{Heap before GC invocations=126 (full 4):
 PSYoungGen      total 10240K, used 9888K [0x00000000d5580000, 0x00000000d6080000, 0x0000000100000000)
  eden space 9216K, 100% used [0x00000000d5580000,0x00000000d5e80000,0x00000000d5e80000)
  from space 1024K, 65% used [0x00000000d5e80000,0x00000000d5f28000,0x00000000d5f80000)
  to   space 1024K, 0% used [0x00000000d5f80000,0x00000000d5f80000,0x00000000d6080000)
 ParOldGen       total 120832K, used 70585K [0x0000000080000000, 0x0000000087600000, 0x00000000d5580000)
  object space 120832K, 58% used [0x0000000080000000,0x00000000844ee428,0x0000000087600000)
 Metaspace       used 72696K, committed 74176K, reserved 1179648K
  class space    used 7284K, committed 7936K, reserved 1048576K
}
Event: 172.006 GC heap after
{Heap after GC invocations=126 (full 4):
 PSYoungGen      total 8704K, used 1024K [0x00000000d5580000, 0x00000000d6380000, 0x0000000100000000)
  eden space 7680K, 0% used [0x00000000d5580000,0x00000000d5580000,0x00000000d5d00000)
  from space 1024K, 100% used [0x00000000d5f80000,0x00000000d6080000,0x00000000d6080000)
  to   space 2560K, 0% used [0x00000000d5d00000,0x00000000d5d00000,0x00000000d5f80000)
 ParOldGen       total 120832K, used 71573K [0x0000000080000000, 0x0000000087600000, 0x00000000d5580000)
  object space 120832K, 59% used [0x0000000080000000,0x00000000845e5468,0x0000000087600000)
 Metaspace       used 72696K, committed 74176K, reserved 1179648K
  class space    used 7284K, committed 7936K, reserved 1048576K
}
Event: 173.354 GC heap before
{Heap before GC invocations=127 (full 4):
 PSYoungGen      total 8704K, used 8704K [0x00000000d5580000, 0x00000000d6380000, 0x0000000100000000)
  eden space 7680K, 100% used [0x00000000d5580000,0x00000000d5d00000,0x00000000d5d00000)
  from space 1024K, 100% used [0x00000000d5f80000,0x00000000d6080000,0x00000000d6080000)
  to   space 2560K, 0% used [0x00000000d5d00000,0x00000000d5d00000,0x00000000d5f80000)
 ParOldGen       total 120832K, used 71573K [0x0000000080000000, 0x0000000087600000, 0x00000000d5580000)
  object space 120832K, 59% used [0x0000000080000000,0x00000000845e5468,0x0000000087600000)
 Metaspace       used 72749K, committed 74240K, reserved 1179648K
  class space    used 7284K, committed 7936K, reserved 1048576K
}
Event: 173.356 GC heap after
{Heap after GC invocations=127 (full 4):
 PSYoungGen      total 8704K, used 608K [0x00000000d5580000, 0x00000000d6000000, 0x0000000100000000)
  eden space 7680K, 0% used [0x00000000d5580000,0x00000000d5580000,0x00000000d5d00000)
  from space 1024K, 59% used [0x00000000d5d00000,0x00000000d5d98000,0x00000000d5e00000)
  to   space 1536K, 0% used [0x00000000d5e80000,0x00000000d5e80000,0x00000000d6000000)
 ParOldGen       total 120832K, used 71993K [0x0000000080000000, 0x0000000087600000, 0x00000000d5580000)
  object space 120832K, 59% used [0x0000000080000000,0x000000008464e478,0x0000000087600000)
 Metaspace       used 72749K, committed 74240K, reserved 1179648K
  class space    used 7284K, committed 7936K, reserved 1048576K
}
Event: 173.677 GC heap before
{Heap before GC invocations=128 (full 4):
 PSYoungGen      total 8704K, used 8288K [0x00000000d5580000, 0x00000000d6000000, 0x0000000100000000)
  eden space 7680K, 100% used [0x00000000d5580000,0x00000000d5d00000,0x00000000d5d00000)
  from space 1024K, 59% used [0x00000000d5d00000,0x00000000d5d98000,0x00000000d5e00000)
  to   space 1536K, 0% used [0x00000000d5e80000,0x00000000d5e80000,0x00000000d6000000)
 ParOldGen       total 120832K, used 71993K [0x0000000080000000, 0x0000000087600000, 0x00000000d5580000)
  object space 120832K, 59% used [0x0000000080000000,0x000000008464e478,0x0000000087600000)
 Metaspace       used 72774K, committed 74304K, reserved 1179648K
  class space    used 7284K, committed 7936K, reserved 1048576K
}
Event: 173.680 GC heap after
{Heap after GC invocations=128 (full 4):
 PSYoungGen      total 8704K, used 672K [0x00000000d5580000, 0x00000000d5f80000, 0x0000000100000000)
  eden space 7680K, 0% used [0x00000000d5580000,0x00000000d5580000,0x00000000d5d00000)
  from space 1024K, 65% used [0x00000000d5e80000,0x00000000d5f28000,0x00000000d5f80000)
  to   space 1024K, 0% used [0x00000000d5d00000,0x00000000d5d00000,0x00000000d5e00000)
 ParOldGen       total 120832K, used 72401K [0x0000000080000000, 0x0000000087600000, 0x00000000d5580000)
  object space 120832K, 59% used [0x0000000080000000,0x00000000846b4478,0x0000000087600000)
 Metaspace       used 72774K, committed 74304K, reserved 1179648K
  class space    used 7284K, committed 7936K, reserved 1048576K
}
Event: 174.614 GC heap before
{Heap before GC invocations=129 (full 4):
 PSYoungGen      total 8704K, used 8352K [0x00000000d5580000, 0x00000000d5f80000, 0x0000000100000000)
  eden space 7680K, 100% used [0x00000000d5580000,0x00000000d5d00000,0x00000000d5d00000)
  from space 1024K, 65% used [0x00000000d5e80000,0x00000000d5f28000,0x00000000d5f80000)
  to   space 1024K, 0% used [0x00000000d5d00000,0x00000000d5d00000,0x00000000d5e00000)
 ParOldGen       total 120832K, used 72401K [0x0000000080000000, 0x0000000087600000, 0x00000000d5580000)
  object space 120832K, 59% used [0x0000000080000000,0x00000000846b4478,0x0000000087600000)
 Metaspace       used 73092K, committed 74624K, reserved 1179648K
  class space    used 7314K, committed 8000K, reserved 1048576K
}
Event: 174.622 GC heap after
{Heap after GC invocations=129 (full 4):
 PSYoungGen      total 8704K, used 480K [0x00000000d5580000, 0x00000000d5f00000, 0x0000000100000000)
  eden space 7680K, 0% used [0x00000000d5580000,0x00000000d5580000,0x00000000d5d00000)
  from space 1024K, 46% used [0x00000000d5d00000,0x00000000d5d78000,0x00000000d5e00000)
  to   space 1024K, 0% used [0x00000000d5e00000,0x00000000d5e00000,0x00000000d5f00000)
 ParOldGen       total 120832K, used 72777K [0x0000000080000000, 0x0000000087600000, 0x00000000d5580000)
  object space 120832K, 60% used [0x0000000080000000,0x0000000084712478,0x0000000087600000)
 Metaspace       used 73092K, committed 74624K, reserved 1179648K
  class space    used 7314K, committed 8000K, reserved 1048576K
}
Event: 176.036 GC heap before
{Heap before GC invocations=130 (full 4):
 PSYoungGen      total 8704K, used 8160K [0x00000000d5580000, 0x00000000d5f00000, 0x0000000100000000)
  eden space 7680K, 100% used [0x00000000d5580000,0x00000000d5d00000,0x00000000d5d00000)
  from space 1024K, 46% used [0x00000000d5d00000,0x00000000d5d78000,0x00000000d5e00000)
  to   space 1024K, 0% used [0x00000000d5e00000,0x00000000d5e00000,0x00000000d5f00000)
 ParOldGen       total 120832K, used 72777K [0x0000000080000000, 0x0000000087600000, 0x00000000d5580000)
  object space 120832K, 60% used [0x0000000080000000,0x0000000084712478,0x0000000087600000)
 Metaspace       used 73193K, committed 74752K, reserved 1179648K
  class space    used 7329K, committed 8000K, reserved 1048576K
}
Event: 176.039 GC heap after
{Heap after GC invocations=130 (full 4):
 PSYoungGen      total 8192K, used 128K [0x00000000d5580000, 0x00000000d5e80000, 0x0000000100000000)
  eden space 7680K, 0% used [0x00000000d5580000,0x00000000d5580000,0x00000000d5d00000)
  from space 512K, 25% used [0x00000000d5e00000,0x00000000d5e20000,0x00000000d5e80000)
  to   space 512K, 0% used [0x00000000d5d80000,0x00000000d5d80000,0x00000000d5e00000)
 ParOldGen       total 120832K, used 73165K [0x0000000080000000, 0x0000000087600000, 0x00000000d5580000)
  object space 120832K, 60% used [0x0000000080000000,0x00000000847736f8,0x0000000087600000)
 Metaspace       used 73193K, committed 74752K, reserved 1179648K
  class space    used 7329K, committed 8000K, reserved 1048576K
}
Event: 187.721 GC heap before
{Heap before GC invocations=131 (full 4):
 PSYoungGen      total 8192K, used 7808K [0x00000000d5580000, 0x00000000d5e80000, 0x0000000100000000)
  eden space 7680K, 100% used [0x00000000d5580000,0x00000000d5d00000,0x00000000d5d00000)
  from space 512K, 25% used [0x00000000d5e00000,0x00000000d5e20000,0x00000000d5e80000)
  to   space 512K, 0% used [0x00000000d5d80000,0x00000000d5d80000,0x00000000d5e00000)
 ParOldGen       total 120832K, used 73165K [0x0000000080000000, 0x0000000087600000, 0x00000000d5580000)
  object space 120832K, 60% used [0x0000000080000000,0x00000000847736f8,0x0000000087600000)
 Metaspace       used 73240K, committed 74752K, reserved 1179648K
  class space    used 7332K, committed 8000K, reserved 1048576K
}
Event: 187.723 GC heap after
{Heap after GC invocations=131 (full 4):
 PSYoungGen      total 8192K, used 160K [0x00000000d5580000, 0x00000000d5e80000, 0x0000000100000000)
  eden space 7680K, 0% used [0x00000000d5580000,0x00000000d5580000,0x00000000d5d00000)
  from space 512K, 31% used [0x00000000d5d80000,0x00000000d5da8000,0x00000000d5e00000)
  to   space 512K, 0% used [0x00000000d5e00000,0x00000000d5e00000,0x00000000d5e80000)
 ParOldGen       total 120832K, used 73221K [0x0000000080000000, 0x0000000087600000, 0x00000000d5580000)
  object space 120832K, 60% used [0x0000000080000000,0x00000000847816f8,0x0000000087600000)
 Metaspace       used 73240K, committed 74752K, reserved 1179648K
  class space    used 7332K, committed 8000K, reserved 1048576K
}
Event: 192.055 GC heap before
{Heap before GC invocations=132 (full 4):
 PSYoungGen      total 8192K, used 7839K [0x00000000d5580000, 0x00000000d5e80000, 0x0000000100000000)
  eden space 7680K, 99% used [0x00000000d5580000,0x00000000d5cfffc8,0x00000000d5d00000)
  from space 512K, 31% used [0x00000000d5d80000,0x00000000d5da8000,0x00000000d5e00000)
  to   space 512K, 0% used [0x00000000d5e00000,0x00000000d5e00000,0x00000000d5e80000)
 ParOldGen       total 120832K, used 73221K [0x0000000080000000, 0x0000000087600000, 0x00000000d5580000)
  object space 120832K, 60% used [0x0000000080000000,0x00000000847816f8,0x0000000087600000)
 Metaspace       used 73357K, committed 74880K, reserved 1179648K
  class space    used 7335K, committed 8000K, reserved 1048576K
}
Event: 192.057 GC heap after
{Heap after GC invocations=132 (full 4):
 PSYoungGen      total 8192K, used 496K [0x00000000d5580000, 0x00000000d5f00000, 0x0000000100000000)
  eden space 7680K, 0% used [0x00000000d5580000,0x00000000d5580000,0x00000000d5d00000)
  from space 512K, 96% used [0x00000000d5e00000,0x00000000d5e7c050,0x00000000d5e80000)
  to   space 1024K, 0% used [0x00000000d5d00000,0x00000000d5d00000,0x00000000d5e00000)
 ParOldGen       total 120832K, used 73445K [0x0000000080000000, 0x0000000087600000, 0x00000000d5580000)
  object space 120832K, 60% used [0x0000000080000000,0x00000000847b9718,0x0000000087600000)
 Metaspace       used 73357K, committed 74880K, reserved 1179648K
  class space    used 7335K, committed 8000K, reserved 1048576K
}
Event: 193.260 GC heap before
{Heap before GC invocations=133 (full 4):
 PSYoungGen      total 8192K, used 8176K [0x00000000d5580000, 0x00000000d5f00000, 0x0000000100000000)
  eden space 7680K, 100% used [0x00000000d5580000,0x00000000d5d00000,0x00000000d5d00000)
  from space 512K, 96% used [0x00000000d5e00000,0x00000000d5e7c050,0x00000000d5e80000)
  to   space 1024K, 0% used [0x00000000d5d00000,0x00000000d5d00000,0x00000000d5e00000)
 ParOldGen       total 120832K, used 73445K [0x0000000080000000, 0x0000000087600000, 0x00000000d5580000)
  object space 120832K, 60% used [0x0000000080000000,0x00000000847b9718,0x0000000087600000)
 Metaspace       used 73365K, committed 74880K, reserved 1179648K
  class space    used 7335K, committed 8000K, reserved 1048576K
}
Event: 193.271 GC heap after
{Heap after GC invocations=133 (full 4):
 PSYoungGen      total 8704K, used 998K [0x00000000d5580000, 0x00000000d6900000, 0x0000000100000000)
  eden space 7680K, 0% used [0x00000000d5580000,0x00000000d5580000,0x00000000d5d00000)
  from space 1024K, 97% used [0x00000000d5d00000,0x00000000d5df9aa8,0x00000000d5e00000)
  to   space 6144K, 0% used [0x00000000d6300000,0x00000000d6300000,0x00000000d6900000)
 ParOldGen       total 120832K, used 77669K [0x0000000080000000, 0x0000000087600000, 0x00000000d5580000)
  object space 120832K, 64% used [0x0000000080000000,0x0000000084bd9788,0x0000000087600000)
 Metaspace       used 73365K, committed 74880K, reserved 1179648K
  class space    used 7335K, committed 8000K, reserved 1048576K
}

Dll operation events (10 events):
Event: 0.026 Loaded shared library c:\Users\HP\.vscode\extensions\redhat.java-1.54.0-win32-x64\jre\21.0.10-win32-x86_64\bin\java.dll
Event: 0.236 Loaded shared library c:\Users\HP\.vscode\extensions\redhat.java-1.54.0-win32-x64\jre\21.0.10-win32-x86_64\bin\zip.dll
Event: 0.276 Loaded shared library C:\Users\HP\.vscode\extensions\redhat.java-1.54.0-win32-x64\jre\21.0.10-win32-x86_64\bin\instrument.dll
Event: 0.295 Loaded shared library C:\Users\HP\.vscode\extensions\redhat.java-1.54.0-win32-x64\jre\21.0.10-win32-x86_64\bin\net.dll
Event: 0.297 Loaded shared library C:\Users\HP\.vscode\extensions\redhat.java-1.54.0-win32-x64\jre\21.0.10-win32-x86_64\bin\nio.dll
Event: 0.301 Loaded shared library C:\Users\HP\.vscode\extensions\redhat.java-1.54.0-win32-x64\jre\21.0.10-win32-x86_64\bin\zip.dll
Event: 0.330 Loaded shared library C:\Users\HP\.vscode\extensions\redhat.java-1.54.0-win32-x64\jre\21.0.10-win32-x86_64\bin\jimage.dll
Event: 0.542 Loaded shared library c:\Users\HP\.vscode\extensions\redhat.java-1.54.0-win32-x64\jre\21.0.10-win32-x86_64\bin\verify.dll
Event: 5.546 Loaded shared library C:\Users\HP\AppData\Roaming\Code\User\globalStorage\redhat.java\1.54.0\config_win\org.eclipse.equinox.launcher\org.eclipse.equinox.launcher.win32.win32.x86_64_1.3.0.v20260203-2149\eclipse_11919.dll
Event: 14.717 Loaded shared library C:\Users\HP\AppData\Local\Temp\jna-2312\jna11917196624862210763.dll

Deoptimization events (20 events):
Event: 192.760 Thread 0x0000029ede6166d0 DEOPT PACKING pc=0x0000029e8c814c7c sp=0x000000ebea1fe060
Event: 192.760 Thread 0x0000029ede6166d0 DEOPT UNPACKING pc=0x0000029e8bad6da2 sp=0x000000ebea1fe020 mode 2
Event: 192.760 Thread 0x0000029ede6166d0 Uncommon trap: trap_request=0xfffffff4 fr.pc=0x0000029e8c84f1fc relative=0x0000000000002cbc
Event: 192.760 Thread 0x0000029ede6166d0 Uncommon trap: reason=null_check action=make_not_entrant pc=0x0000029e8c84f1fc method=org.eclipse.jdt.internal.core.builder.ClasspathMultiDirectory.directoryList(Ljava/lang/String;)[Ljava/lang/String; @ 197 c2
Event: 192.761 Thread 0x0000029ede6166d0 DEOPT PACKING pc=0x0000029e8c84f1fc sp=0x000000ebea1fde90
Event: 192.761 Thread 0x0000029ede6166d0 DEOPT UNPACKING pc=0x0000029e8bad6da2 sp=0x000000ebea1fde50 mode 2
Event: 192.762 Thread 0x0000029ede6166d0 Uncommon trap: trap_request=0xffffffbe fr.pc=0x0000029e8c9f36dc relative=0x000000000000043c
Event: 192.762 Thread 0x0000029ede6166d0 Uncommon trap: reason=profile_predicate action=maybe_recompile pc=0x0000029e8c9f36dc method=org.eclipse.jdt.core.compiler.CharOperation.toCharArrays(Ljava/util/List;)[[C @ 43 c2
Event: 192.762 Thread 0x0000029ede6166d0 DEOPT PACKING pc=0x0000029e8c9f36dc sp=0x000000ebea1fdf80
Event: 192.762 Thread 0x0000029ede6166d0 DEOPT UNPACKING pc=0x0000029e8bad6da2 sp=0x000000ebea1fded0 mode 2
Event: 192.797 Thread 0x0000029ede6166d0 Uncommon trap: trap_request=0xffffff45 fr.pc=0x0000029e8c7b8a40 relative=0x0000000000000540
Event: 192.797 Thread 0x0000029ede6166d0 Uncommon trap: reason=unstable_if action=reinterpret pc=0x0000029e8c7b8a40 method=org.eclipse.jdt.internal.core.builder.NameEnvironment.getModulesDeclaringPackage([[C[C)[[C @ 189 c2
Event: 192.797 Thread 0x0000029ede6166d0 DEOPT PACKING pc=0x0000029e8c7b8a40 sp=0x000000ebea1fe020
Event: 192.797 Thread 0x0000029ede6166d0 DEOPT UNPACKING pc=0x0000029e8bad6da2 sp=0x000000ebea1fdfd0 mode 2
Event: 193.362 Thread 0x0000029ede6166d0 Uncommon trap: trap_request=0xffffffbe fr.pc=0x0000029e8c9f7864 relative=0x0000000000000564
Event: 193.362 Thread 0x0000029ede6166d0 Uncommon trap: reason=profile_predicate action=maybe_recompile pc=0x0000029e8c9f7864 method=org.eclipse.jdt.internal.compiler.parser.Scanner.checkTaskTag(II)V @ 539 c2
Event: 193.362 Thread 0x0000029ede6166d0 DEOPT PACKING pc=0x0000029e8c9f7864 sp=0x000000ebea1fe060
Event: 193.362 Thread 0x0000029ede6166d0 DEOPT UNPACKING pc=0x0000029e8bad6da2 sp=0x000000ebea1fdfc0 mode 2
Event: 193.379 Thread 0x0000029ede6166d0 DEOPT PACKING pc=0x0000029e85fa34dd sp=0x000000ebea1fdfc0
Event: 193.379 Thread 0x0000029ede6166d0 DEOPT UNPACKING pc=0x0000029e8bad78e2 sp=0x000000ebea1fd4d0 mode 0

Classes loaded (20 events):
Event: 117.783 Loading class javax/xml/transform/TransformerConfigurationException
Event: 117.784 Loading class javax/xml/transform/TransformerConfigurationException done
Event: 118.191 Loading class java/lang/UnsupportedClassVersionError
Event: 118.192 Loading class java/lang/UnsupportedClassVersionError done
Event: 133.479 Loading class jdk/internal/module/IllegalAccessLogger
Event: 133.479 Loading class jdk/internal/module/IllegalAccessLogger done
Event: 133.520 Loading class java/util/concurrent/ArrayBlockingQueue
Event: 133.521 Loading class java/util/concurrent/ArrayBlockingQueue done
Event: 133.591 Loading class java/util/concurrent/ConcurrentHashMap$KeySpliterator
Event: 133.592 Loading class java/util/concurrent/ConcurrentHashMap$KeySpliterator done
Event: 133.637 Loading class sun/nio/ch/ChannelOutputStream
Event: 133.641 Loading class sun/nio/ch/ChannelOutputStream done
Event: 155.559 Loading class java/lang/StringLatin1$LinesSpliterator
Event: 155.573 Loading class java/lang/StringLatin1$LinesSpliterator done
Event: 159.345 Loading class java/util/Hashtable$KeySet
Event: 159.346 Loading class java/util/Hashtable$KeySet done
Event: 163.060 Loading class sun/nio/cs/ISO_8859_1$Decoder
Event: 163.061 Loading class sun/nio/cs/ISO_8859_1$Decoder done
Event: 186.786 Loading class java/lang/invoke/MethodHandleImpl$CountingWrapper$1
Event: 186.790 Loading class java/lang/invoke/MethodHandleImpl$CountingWrapper$1 done

Classes unloaded (13 events):
Event: 25.735 Thread 0x0000029effe7ec20 Unloading class 0x0000029e9a1ad400 'java/lang/invoke/LambdaForm$MH+0x0000029e9a1ad400'
Event: 25.735 Thread 0x0000029effe7ec20 Unloading class 0x0000029e9a1ad000 'java/lang/invoke/LambdaForm$MH+0x0000029e9a1ad000'
Event: 25.735 Thread 0x0000029effe7ec20 Unloading class 0x0000029e9a1acc00 'java/lang/invoke/LambdaForm$MH+0x0000029e9a1acc00'
Event: 25.735 Thread 0x0000029effe7ec20 Unloading class 0x0000029e9a1ac800 'java/lang/invoke/LambdaForm$MH+0x0000029e9a1ac800'
Event: 25.735 Thread 0x0000029effe7ec20 Unloading class 0x0000029e9a1ac400 'java/lang/invoke/LambdaForm$BMH+0x0000029e9a1ac400'
Event: 25.735 Thread 0x0000029effe7ec20 Unloading class 0x0000029e9a1ac000 'java/lang/invoke/LambdaForm$DMH+0x0000029e9a1ac000'
Event: 25.735 Thread 0x0000029effe7ec20 Unloading class 0x0000029e9a1aac00 'java/lang/invoke/LambdaForm$DMH+0x0000029e9a1aac00'
Event: 166.449 Thread 0x0000029effe7ec20 Unloading class 0x0000029e9a7a0400 'java/lang/invoke/LambdaForm$DMH+0x0000029e9a7a0400'
Event: 166.449 Thread 0x0000029effe7ec20 Unloading class 0x0000029e9a7a0000 'java/lang/invoke/LambdaForm$DMH+0x0000029e9a7a0000'
Event: 166.449 Thread 0x0000029effe7ec20 Unloading class 0x0000029e9a79dc00 'java/lang/invoke/LambdaForm$DMH+0x0000029e9a79dc00'
Event: 166.449 Thread 0x0000029effe7ec20 Unloading class 0x0000029e9a79d800 'java/lang/invoke/LambdaForm$DMH+0x0000029e9a79d800'
Event: 166.449 Thread 0x0000029effe7ec20 Unloading class 0x0000029e9a6d0800 'java/lang/invoke/LambdaForm$MH+0x0000029e9a6d0800'
Event: 166.449 Thread 0x0000029effe7ec20 Unloading class 0x0000029e9a6d0000 'java/lang/invoke/LambdaForm$MH+0x0000029e9a6d0000'

Classes redefined (0 events):
No events

Internal exceptions (20 events):
Event: 189.207 Thread 0x0000029edf33d680 Exception <a 'sun/nio/fs/WindowsException'{0x00000000d5a14558}> (0x00000000d5a14558) 
thrown [s\src\hotspot\share\prims\jni.cpp, line 520]
Event: 189.225 Thread 0x0000029edf33d680 Exception <a 'sun/nio/fs/WindowsException'{0x00000000d5a16ac8}> (0x00000000d5a16ac8) 
thrown [s\src\hotspot\share\prims\jni.cpp, line 520]
Event: 189.243 Thread 0x0000029ede1ea440 Exception <a 'sun/nio/fs/WindowsException'{0x00000000d5a285c0}> (0x00000000d5a285c0) 
thrown [s\src\hotspot\share\prims\jni.cpp, line 520]
Event: 189.244 Thread 0x0000029ede1e6fc0 Exception <a 'sun/nio/fs/WindowsException'{0x00000000d5a2ae60}> (0x00000000d5a2ae60) 
thrown [s\src\hotspot\share\prims\jni.cpp, line 520]
Event: 189.256 Thread 0x0000029ede1e6fc0 Exception <a 'sun/nio/fs/WindowsException'{0x00000000d5a37910}> (0x00000000d5a37910) 
thrown [s\src\hotspot\share\prims\jni.cpp, line 520]
Event: 189.271 Thread 0x0000029ede1ea440 Exception <a 'sun/nio/fs/WindowsException'{0x00000000d5a39bb8}> (0x00000000d5a39bb8) 
thrown [s\src\hotspot\share\prims\jni.cpp, line 520]
Event: 189.277 Thread 0x0000029ede1e6fc0 Exception <a 'sun/nio/fs/WindowsException'{0x00000000d5a45528}> (0x00000000d5a45528) 
thrown [s\src\hotspot\share\prims\jni.cpp, line 520]
Event: 189.307 Thread 0x0000029ede1ea440 Exception <a 'sun/nio/fs/WindowsException'{0x00000000d5a52998}> (0x00000000d5a52998) 
thrown [s\src\hotspot\share\prims\jni.cpp, line 520]
Event: 189.344 Thread 0x0000029edf33d680 Exception <a 'sun/nio/fs/WindowsException'{0x00000000d5a43a08}> (0x00000000d5a43a08) 
thrown [s\src\hotspot\share\prims\jni.cpp, line 520]
Event: 189.357 Thread 0x0000029ede1ea440 Exception <a 'sun/nio/fs/WindowsException'{0x00000000d5a69960}> (0x00000000d5a69960) 
thrown [s\src\hotspot\share\prims\jni.cpp, line 520]
Event: 189.379 Thread 0x0000029ede1ea440 Exception <a 'sun/nio/fs/WindowsException'{0x00000000d5a6e668}> (0x00000000d5a6e668) 
thrown [s\src\hotspot\share\prims\jni.cpp, line 520]
Event: 189.381 Thread 0x0000029ede1e6fc0 Exception <a 'sun/nio/fs/WindowsException'{0x00000000d5a6fc40}> (0x00000000d5a6fc40) 
thrown [s\src\hotspot\share\prims\jni.cpp, line 520]
Event: 189.391 Thread 0x0000029edf33d680 Exception <a 'sun/nio/fs/WindowsException'{0x00000000d5a669d8}> (0x00000000d5a669d8) 
thrown [s\src\hotspot\share\prims\jni.cpp, line 520]
Event: 189.393 Thread 0x0000029ede1e6fc0 Exception <a 'sun/nio/fs/WindowsException'{0x00000000d5a75998}> (0x00000000d5a75998) 
thrown [s\src\hotspot\share\prims\jni.cpp, line 520]
Event: 189.409 Thread 0x0000029ede1e6fc0 Exception <a 'sun/nio/fs/WindowsException'{0x00000000d5a7fcb0}> (0x00000000d5a7fcb0) 
thrown [s\src\hotspot\share\prims\jni.cpp, line 520]
Event: 189.411 Thread 0x0000029ede1ea440 Exception <a 'sun/nio/fs/WindowsException'{0x00000000d5a807d8}> (0x00000000d5a807d8) 
thrown [s\src\hotspot\share\prims\jni.cpp, line 520]
Event: 189.440 Thread 0x0000029ede1ea440 Exception <a 'sun/nio/fs/WindowsException'{0x00000000d5a8d9f0}> (0x00000000d5a8d9f0) 
thrown [s\src\hotspot\share\prims\jni.cpp, line 520]
Event: 189.454 Thread 0x0000029edf33d680 Exception <a 'sun/nio/fs/WindowsException'{0x00000000d5a7bb38}> (0x00000000d5a7bb38) 
thrown [s\src\hotspot\share\prims\jni.cpp, line 520]
Event: 189.470 Thread 0x0000029ede1e6fc0 Exception <a 'sun/nio/fs/WindowsException'{0x00000000d5a93b78}> (0x00000000d5a93b78) 
thrown [s\src\hotspot\share\prims\jni.cpp, line 520]
Event: 192.760 Thread 0x0000029ede6166d0 Implicit null exception at 0x0000029e8c84d250 to 0x0000029e8c84f1e8

ZGC Phase Switch (0 events):
No events

VM Operations (20 events):
Event: 175.623 Executing safepoint VM operation: Cleanup
Event: 175.661 Executing safepoint VM operation: Cleanup done
Event: 176.036 Executing safepoint VM operation: ParallelGCFailedAllocation (Allocation Failure)
Event: 176.039 Executing safepoint VM operation: ParallelGCFailedAllocation (Allocation Failure) done
Event: 182.106 Executing non-safepoint VM operation: HandshakeAllThreads (HandshakeForDeflation)
Event: 182.106 Executing non-safepoint VM operation: HandshakeAllThreads (HandshakeForDeflation) done
Event: 182.106 Executing non-safepoint VM operation: RendezvousGCThreads
Event: 182.106 Executing non-safepoint VM operation: RendezvousGCThreads done
Event: 187.118 Executing safepoint VM operation: Cleanup
Event: 187.118 Executing safepoint VM operation: Cleanup done
Event: 187.721 Executing safepoint VM operation: ParallelGCFailedAllocation (Allocation Failure)
Event: 187.723 Executing safepoint VM operation: ParallelGCFailedAllocation (Allocation Failure) done
Event: 189.723 Executing safepoint VM operation: Cleanup
Event: 189.723 Executing safepoint VM operation: Cleanup done
Event: 190.723 Executing safepoint VM operation: Cleanup
Event: 191.191 Executing safepoint VM operation: Cleanup done
Event: 192.055 Executing safepoint VM operation: ParallelGCFailedAllocation (Allocation Failure)
Event: 192.058 Executing safepoint VM operation: ParallelGCFailedAllocation (Allocation Failure) done
Event: 193.260 Executing safepoint VM operation: ParallelGCFailedAllocation (Allocation Failure)
Event: 193.271 Executing safepoint VM operation: ParallelGCFailedAllocation (Allocation Failure) done

Memory protections (0 events):
No events

Nmethod flushes (20 events):
Event: 166.571 Thread 0x0000029effe7ec20 flushing  nmethod 0x0000029e855e2c90
Event: 166.571 Thread 0x0000029effe7ec20 flushing  nmethod 0x0000029e855ef310
Event: 166.571 Thread 0x0000029effe7ec20 flushing  nmethod 0x0000029e855ff490
Event: 166.571 Thread 0x0000029effe7ec20 flushing  nmethod 0x0000029e8562e010
Event: 166.571 Thread 0x0000029effe7ec20 flushing  nmethod 0x0000029e8562f210
Event: 166.571 Thread 0x0000029effe7ec20 flushing  nmethod 0x0000029e85633110
Event: 166.571 Thread 0x0000029effe7ec20 flushing  nmethod 0x0000029e85633b10
Event: 166.571 Thread 0x0000029effe7ec20 flushing  nmethod 0x0000029e85634690
Event: 166.571 Thread 0x0000029effe7ec20 flushing  nmethod 0x0000029e8563a190
Event: 166.571 Thread 0x0000029effe7ec20 flushing  nmethod 0x0000029e85670210
Event: 166.571 Thread 0x0000029effe7ec20 flushing  nmethod 0x0000029e85672d10
Event: 166.571 Thread 0x0000029effe7ec20 flushing  nmethod 0x0000029e8567c690
Event: 166.571 Thread 0x0000029effe7ec20 flushing  nmethod 0x0000029e85683e90
Event: 166.571 Thread 0x0000029effe7ec20 flushing  nmethod 0x0000029e85686990
Event: 166.571 Thread 0x0000029effe7ec20 flushing  nmethod 0x0000029e85687310
Event: 166.571 Thread 0x0000029effe7ec20 flushing  nmethod 0x0000029e85690c10
Event: 166.571 Thread 0x0000029effe7ec20 flushing  nmethod 0x0000029e85694790
Event: 166.571 Thread 0x0000029effe7ec20 flushing  nmethod 0x0000029e85694d10
Event: 166.571 Thread 0x0000029effe7ec20 flushing  nmethod 0x0000029e85699510
Event: 166.571 Thread 0x0000029effe7ec20 flushing  nmethod 0x0000029e856a9690

Events (20 events):
Event: 163.943 Thread 0x0000029edf343260 Thread exited: 0x0000029edf343260
Event: 164.230 Thread 0x0000029eeb3d5400 Thread exited: 0x0000029eeb3d5400
Event: 165.227 Thread 0x0000029e982c23a0 Thread added: 0x0000029ee22cd660
Event: 165.731 Thread 0x0000029ee22cd660 Thread exited: 0x0000029ee22cd660
Event: 166.340 Thread 0x0000029edf33dd10 Thread added: 0x0000029edf33d680
Event: 166.341 Thread 0x0000029edf33dd10 Thread added: 0x0000029edf341eb0
Event: 166.341 Thread 0x0000029edf33dd10 Thread added: 0x0000029edf341190
Event: 166.341 Thread 0x0000029edf33dd10 Thread added: 0x0000029edf342bd0
Event: 166.341 Thread 0x0000029edf33dd10 Thread added: 0x0000029edf341820
Event: 173.693 Thread 0x0000029edf341820 Thread exited: 0x0000029edf341820
Event: 173.693 Thread 0x0000029edf33d680 Thread exited: 0x0000029edf33d680
Event: 173.694 Thread 0x0000029edf341190 Thread exited: 0x0000029edf341190
Event: 173.694 Thread 0x0000029edf342bd0 Thread exited: 0x0000029edf342bd0
Event: 173.694 Thread 0x0000029edf341eb0 Thread exited: 0x0000029edf341eb0
Event: 173.913 Thread 0x0000029e982c23a0 Thread added: 0x0000029ede4a1f60
Event: 174.389 Thread 0x0000029ede4a1f60 Thread exited: 0x0000029ede4a1f60
Event: 181.892 Thread 0x0000029ede613f70 Thread exited: 0x0000029ede613f70
Event: 189.008 Thread 0x0000029ede1e6fc0 Thread added: 0x0000029edf33d680
Event: 190.409 Thread 0x0000029ede616040 Thread exited: 0x0000029ede616040
Event: 191.748 Thread 0x0000029ede6159b0 Thread added: 0x0000029edf343260


Dynamic libraries:
0x00007ff76cda0000 - 0x00007ff76cdae000 	c:\Users\HP\.vscode\extensions\redhat.java-1.54.0-win32-x64\jre\21.0.10-win32-x86_64\bin\java.exe
0x00007fff548c0000 - 0x00007fff54b26000 	C:\WINDOWS\SYSTEM32\ntdll.dll
0x00007fff53870000 - 0x00007fff53939000 	C:\WINDOWS\System32\KERNEL32.DLL
0x00007fff52230000 - 0x00007fff5262a000 	C:\WINDOWS\System32\KERNELBASE.dll
0x00007fff51d40000 - 0x00007fff51e8c000 	C:\WINDOWS\System32\ucrtbase.dll
0x00007fff23640000 - 0x00007fff23658000 	c:\Users\HP\.vscode\extensions\redhat.java-1.54.0-win32-x64\jre\21.0.10-win32-x86_64\bin\jli.dll
0x00007fff531f0000 - 0x00007fff533b7000 	C:\WINDOWS\System32\USER32.dll
0x00007fff52010000 - 0x00007fff52037000 	C:\WINDOWS\System32\win32u.dll
0x00007fff53a20000 - 0x00007fff53a4b000 	C:\WINDOWS\System32\GDI32.dll
0x00007fff52100000 - 0x00007fff5222b000 	C:\WINDOWS\System32\gdi32full.dll
0x00007fff51b50000 - 0x00007fff51bf3000 	C:\WINDOWS\System32\msvcp_win.dll
0x00007fff2dee0000 - 0x00007fff2defe000 	c:\Users\HP\.vscode\extensions\redhat.java-1.54.0-win32-x64\jre\21.0.10-win32-x86_64\bin\VCRUNTIME140.dll
0x00007fff372d0000 - 0x00007fff37562000 	C:\WINDOWS\WinSxS\amd64_microsoft.windows.common-controls_6595b64144ccf1df_6.0.26100.8521_none_3e08b75ce33403b3\COMCTL32.dll
0x00007fff53a70000 - 0x00007fff53b19000 	C:\WINDOWS\System32\msvcrt.dll
0x00007fff53750000 - 0x00007fff53782000 	C:\WINDOWS\System32\IMM32.DLL
0x00007fff2ed30000 - 0x00007fff2ed3c000 	c:\Users\HP\.vscode\extensions\redhat.java-1.54.0-win32-x64\jre\21.0.10-win32-x86_64\bin\vcruntime140_1.dll
0x00007ffee2220000 - 0x00007ffee22ad000 	c:\Users\HP\.vscode\extensions\redhat.java-1.54.0-win32-x64\jre\21.0.10-win32-x86_64\bin\msvcp140.dll
0x00007ffe8fd30000 - 0x00007ffe90ad1000 	c:\Users\HP\.vscode\extensions\redhat.java-1.54.0-win32-x64\jre\21.0.10-win32-x86_64\bin\server\jvm.dll
0x00007fff54760000 - 0x00007fff54816000 	C:\WINDOWS\System32\ADVAPI32.dll
0x00007fff54440000 - 0x00007fff544ea000 	C:\WINDOWS\System32\sechost.dll
0x00007fff54640000 - 0x00007fff54758000 	C:\WINDOWS\System32\RPCRT4.dll
0x00007fff545b0000 - 0x00007fff54630000 	C:\WINDOWS\System32\WS2_32.dll
0x00007fff519d0000 - 0x00007fff51a2e000 	C:\WINDOWS\SYSTEM32\POWRPROF.dll
0x00007fff47610000 - 0x00007fff47646000 	C:\WINDOWS\SYSTEM32\WINMM.dll
0x00007fff3c140000 - 0x00007fff3c14b000 	C:\WINDOWS\SYSTEM32\VERSION.dll
0x00007fff519b0000 - 0x00007fff519c4000 	C:\WINDOWS\SYSTEM32\UMPDC.dll
0x00007fff508e0000 - 0x00007fff508fb000 	C:\WINDOWS\SYSTEM32\kernel.appcore.dll
0x00007fff28ee0000 - 0x00007fff28eea000 	c:\Users\HP\.vscode\extensions\redhat.java-1.54.0-win32-x64\jre\21.0.10-win32-x86_64\bin\jimage.dll
0x00007fff4f2b0000 - 0x00007fff4f4f2000 	C:\WINDOWS\SYSTEM32\DBGHELP.DLL
0x00007fff533c0000 - 0x00007fff53743000 	C:\WINDOWS\System32\combase.dll
0x00007fff53940000 - 0x00007fff53a19000 	C:\WINDOWS\System32\OLEAUT32.dll
0x00007fff2d3b0000 - 0x00007fff2d3eb000 	C:\WINDOWS\SYSTEM32\dbgcore.DLL
0x00007fff51c00000 - 0x00007fff51ca8000 	C:\WINDOWS\System32\bcryptPrimitives.dll
0x00007fff355f0000 - 0x00007fff355ff000 	c:\Users\HP\.vscode\extensions\redhat.java-1.54.0-win32-x64\jre\21.0.10-win32-x86_64\bin\instrument.dll
0x00007fff2ed40000 - 0x00007fff2ed60000 	c:\Users\HP\.vscode\extensions\redhat.java-1.54.0-win32-x64\jre\21.0.10-win32-x86_64\bin\java.dll
0x00007fff53c20000 - 0x00007fff543a4000 	C:\WINDOWS\System32\SHELL32.dll
0x00007fff4f730000 - 0x00007fff4ffb0000 	C:\WINDOWS\SYSTEM32\windows.storage.dll
0x00007fff527d0000 - 0x00007fff528c6000 	C:\WINDOWS\System32\SHCORE.dll
0x00007fff52950000 - 0x00007fff529b7000 	C:\WINDOWS\System32\shlwapi.dll
0x00007fff51a70000 - 0x00007fff51a99000 	C:\WINDOWS\SYSTEM32\profapi.dll
0x00007fff2ecc0000 - 0x00007fff2ecd8000 	c:\Users\HP\.vscode\extensions\redhat.java-1.54.0-win32-x64\jre\21.0.10-win32-x86_64\bin\zip.dll
0x00007fff2ecb0000 - 0x00007fff2ecc0000 	C:\Users\HP\.vscode\extensions\redhat.java-1.54.0-win32-x64\jre\21.0.10-win32-x86_64\bin\net.dll
0x00007fff424b0000 - 0x00007fff425d9000 	C:\WINDOWS\SYSTEM32\WINHTTP.dll
0x00007fff50e50000 - 0x00007fff50ebc000 	C:\WINDOWS\system32\mswsock.dll
0x00007ffefd330000 - 0x00007ffefd346000 	C:\Users\HP\.vscode\extensions\redhat.java-1.54.0-win32-x64\jre\21.0.10-win32-x86_64\bin\nio.dll
0x00007fff0df10000 - 0x00007fff0df20000 	c:\Users\HP\.vscode\extensions\redhat.java-1.54.0-win32-x64\jre\21.0.10-win32-x86_64\bin\verify.dll
0x00007fff093a0000 - 0x00007fff093e5000 	C:\Users\HP\AppData\Roaming\Code\User\globalStorage\redhat.java\1.54.0\config_win\org.eclipse.equinox.launcher\org.eclipse.equinox.launcher.win32.win32.x86_64_1.3.0.v20260203-2149\eclipse_11919.dll
0x00007fff52630000 - 0x00007fff527c8000 	C:\WINDOWS\System32\ole32.dll
0x00007fff51130000 - 0x00007fff5114b000 	C:\WINDOWS\SYSTEM32\CRYPTSP.dll
0x00007fff50840000 - 0x00007fff50879000 	C:\WINDOWS\system32\rsaenh.dll
0x00007fff50f00000 - 0x00007fff50f33000 	C:\WINDOWS\SYSTEM32\USERENV.dll
0x00007fff51a40000 - 0x00007fff51a6a000 	C:\WINDOWS\SYSTEM32\bcrypt.dll
0x00007fff51150000 - 0x00007fff5115c000 	C:\WINDOWS\SYSTEM32\CRYPTBASE.dll
0x00007fff50390000 - 0x00007fff503c3000 	C:\WINDOWS\SYSTEM32\IPHLPAPI.DLL
0x00007fff53a60000 - 0x00007fff53a6a000 	C:\WINDOWS\System32\NSI.dll
0x00007ffef2ca0000 - 0x00007ffef2ce9000 	C:\Users\HP\AppData\Local\Temp\jna-2312\jna11917196624862210763.dll
0x00007fff543b0000 - 0x00007fff543b8000 	C:\WINDOWS\System32\PSAPI.DLL
0x00007fff42610000 - 0x00007fff4262d000 	C:\WINDOWS\SYSTEM32\dhcpcsvc6.DLL
0x00007fff425e0000 - 0x00007fff42605000 	C:\WINDOWS\SYSTEM32\dhcpcsvc.DLL

JVMTI agents:
c:\Users\HP\.vscode\extensions\redhat.java-1.54.0-win32-x64\lombok\lombok-1.18.39-4050.jar path:c:\Users\HP\.vscode\extensions\redhat.java-1.54.0-win32-x64\jre\21.0.10-win32-x86_64\bin\instrument.dll, loaded, initialized, instrumentlib options:none

dbghelp: loaded successfully - version: 4.0.5 - missing functions: none
symbol engine: initialized successfully - sym options: 0x614 - pdb path: .;c:\Users\HP\.vscode\extensions\redhat.java-1.54.0-win32-x64\jre\21.0.10-win32-x86_64\bin;C:\WINDOWS\SYSTEM32;C:\WINDOWS\WinSxS\amd64_microsoft.windows.common-controls_6595b64144ccf1df_6.0.26100.8521_none_3e08b75ce33403b3;c:\Users\HP\.vscode\extensions\redhat.java-1.54.0-win32-x64\jre\21.0.10-win32-x86_64\bin\server;C:\Users\HP\AppData\Roaming\Code\User\globalStorage\redhat.java\1.54.0\config_win\org.eclipse.equinox.launcher\org.eclipse.equinox.launcher.win32.win32.x86_64_1.3.0.v20260203-2149;C:\Users\HP\AppData\Local\Temp\jna-2312

VM Arguments:
jvm_args: --add-modules=ALL-SYSTEM --add-opens=java.base/java.util=ALL-UNNAMED --add-opens=java.base/java.lang=ALL-UNNAMED --add-opens=java.base/sun.nio.fs=ALL-UNNAMED -Declipse.application=org.eclipse.jdt.ls.core.id1 -Dosgi.bundles.defaultStartLevel=4 -Declipse.product=org.eclipse.jdt.ls.core.product -Djava.import.generatesMetadataFilesAtProjectRoot=false -DDetectVMInstallationsJob.disabled=true -Dfile.encoding=utf8 -XX:+UseParallelGC -XX:GCTimeRatio=4 -XX:AdaptiveSizePolicyWeight=90 -Dsun.zip.disableMemoryMapping=true -Xmx2G -Xms100m -Xlog:disable -javaagent:c:\Users\HP\.vscode\extensions\redhat.java-1.54.0-win32-x64\lombok\lombok-1.18.39-4050.jar -XX:+HeapDumpOnOutOfMemoryError -XX:HeapDumpPath=c:\Users\HP\AppData\Roaming\Code\User\workspaceStorage\fc21bd3717c1e2f1a5010a1d1bf1de0b\redhat.java -Daether.dependencyCollector.impl=bf 
java_command: c:\Users\HP\.vscode\extensions\redhat.java-1.54.0-win32-x64\server\plugins\org.eclipse.equinox.launcher_1.7.100.v20251111-0406.jar -configuration c:\Users\HP\AppData\Roaming\Code\User\globalStorage\redhat.java\1.54.0\config_win -data c:\Users\HP\AppData\Roaming\Code\User\workspaceStorage\fc21bd3717c1e2f1a5010a1d1bf1de0b\redhat.java\jdt_ws --pipe=\\.\pipe\lsp-25af8650dc106e5258aedda6ee162c96-sock
java_class_path (initial): c:\Users\HP\.vscode\extensions\redhat.java-1.54.0-win32-x64\server\plugins\org.eclipse.equinox.launcher_1.7.100.v20251111-0406.jar
Launcher Type: SUN_STANDARD

[Global flags]
    uintx AdaptiveSizePolicyWeight                 = 90                                        {product} {command line}
     intx CICompilerCount                          = 3                                         {product} {ergonomic}
    uintx GCTimeRatio                              = 4                                         {product} {command line}
     bool HeapDumpOnOutOfMemoryError               = true                                   {manageable} {command line}
    ccstr HeapDumpPath                             = c:\Users\HP\AppData\Roaming\Code\User\workspaceStorage\fc21bd3717c1e2f1a5010a1d1bf1de0b\redhat.java         {manageable} {command line}
   size_t InitialHeapSize                          = 104857600                                 {product} {command line}
   size_t MaxHeapSize                              = 2147483648                                {product} {command line}
   size_t MaxNewSize                               = 715653120                                 {product} {ergonomic}
   size_t MinHeapDeltaBytes                        = 524288                                    {product} {ergonomic}
   size_t MinHeapSize                              = 104857600                                 {product} {command line}
   size_t NewSize                                  = 34603008                                  {product} {ergonomic}
    uintx NonNMethodCodeHeapSize                   = 5832780                                {pd product} {ergonomic}
    uintx NonProfiledCodeHeapSize                  = 122912730                              {pd product} {ergonomic}
   size_t OldSize                                  = 70254592                                  {product} {ergonomic}
    uintx ProfiledCodeHeapSize                     = 122912730                              {pd product} {ergonomic}
    uintx ReservedCodeCacheSize                    = 251658240                              {pd product} {ergonomic}
     bool SegmentedCodeCache                       = true                                      {product} {ergonomic}
   size_t SoftMaxHeapSize                          = 2147483648                             {manageable} {ergonomic}
     bool UseCompressedOops                        = true                           {product lp64_product} {ergonomic}
     bool UseLargePagesIndividualAllocation        = false                                  {pd product} {ergonomic}
     bool UseParallelGC                            = true                                      {product} {command line}

Logging:
Log output configuration:
 #0: stdout all=off uptime,level,tags foldmultilines=false
 #1: stderr all=off uptime,level,tags foldmultilines=false

Release file:
JAVA_VERSION="21.0.10" 
MODULES="java.base java.compiler java.datatransfer java.xml java.prefs java.desktop java.instrument java.logging java.management java.security.sasl java.naming java.rmi java.management.rmi java.net.http java.scripting java.security.jgss java.transaction.xa java.sql java.sql.rowset java.xml.crypto java.se java.smartcardio jdk.accessibility jdk.internal.jvmstat jdk.attach jdk.charsets jdk.internal.opt jdk.zipfs jdk.compiler jdk.crypto.ec jdk.crypto.cryptoki jdk.crypto.mscapi jdk.dynalink jdk.internal.ed jdk.editpad jdk.hotspot.agent jdk.httpserver jdk.internal.le jdk.internal.vm.ci jdk.internal.vm.compiler jdk.internal.vm.compiler.management jdk.jartool jdk.javadoc jdk.jcmd jdk.management jdk.management.agent jdk.jconsole jdk.jdeps jdk.jdwp.agent jdk.jdi jdk.jfr jdk.jshell jdk.jsobject jdk.jstatd jdk.localedata jdk.management.jfr jdk.naming.dns jdk.naming.rmi jdk.net jdk.nio.mapmode jdk.random jdk.sctp jdk.security.auth jdk.security.jgss jdk.unsupported jdk.unsupported.desktop jdk.xml.dom" 

Environment Variables:
JAVA_HOME=C:\Program Files\Java\jdk-17.0.5
PATH=C:\Users\HP\AppData\Local\Programs\Python\Python314\Scripts\;C:\Users\HP\AppData\Local\Programs\Python\Python314\;C:\Program Files\Common Files\Oracle\Java\javapath;C:\Program Files (x86)\Common Files\Oracle\Java\javapath;C:\ProgramData\Oracle\Java\javapath;C:\WINDOWS\system32;C:\WINDOWS;C:\WINDOWS\System32\Wbem;C:\WINDOWS\System32\WindowsPowerShell\v1.0\;C:\WINDOWS\System32\OpenSSH\;C:\msys64\mingw64\bin;C:\Program Files\dotnet\;C:\WINDOWS\system32;C:\WINDOWS;C:\WINDOWS\System32\Wbem;C:\WINDOWS\System32\WindowsPowerShell\v1.0\;C:\WINDOWS\System32\OpenSSH\;C:\Program Files\Java\jdk-17.0.5\bin;C:\Program Files\Git\cmd;C:\Program Files\Microsoft SQL Server\Client SDK\ODBC\170\Tools\Binn\;C:\Program Files (x86)\Microsoft SQL Server\150\Tools\Binn\;C:\Program Files\Microsoft SQL Server\150\Tools\Binn\;C:\Program Files\Microsoft SQL Server\150\DTS\Binn\;C:\Program Files (x86)\Microsoft SQL Server\160\DTS\Binn\;C:\Program Files\nodejs\;C:\ProgramData\chocolatey\bin;C:\Users\HP\AppData\Local\Microsoft\WindowsApps;C:\Users\HP\AppData\Local\Programs\Microsoft VS Code\bin;C:\Program Files\Java\jdk-17.0.5\bin;C:\Users\HP\AppData\Local\Python\bin;C:\Users\HP\AppData\Local\Programs\cursor\resources\app\bin;C:\Users\HP\AppData\Roaming\npm
USERNAME=HP
OS=Windows_NT
PROCESSOR_IDENTIFIER=Intel64 Family 6 Model 140 Stepping 1, GenuineIntel
TMP=C:\Users\HP\AppData\Local\Temp
TEMP=C:\Users\HP\AppData\Local\Temp




Periodic native trim disabled

---------------  S Y S T E M  ---------------

OS:
 Windows 11 , 64 bit Build 26100 (10.0.26100.8521)
OS uptime: 0 days 0:59 hours

CPU: total 4 (initial active 4) (2 cores per cpu, 2 threads per core) family 6 model 140 stepping 1 microcode 0xac, cx8, cmov, fxsr, ht, mmx, 3dnowpref, sse, sse2, sse3, ssse3, sse4.1, sse4.2, popcnt, lzcnt, tsc, tscinvbit, avx, avx2, aes, erms, clmul, bmi1, bmi2, adx, avx512f, avx512dq, avx512cd, avx512bw, avx512vl, sha, fma, vzeroupper, avx512_vpopcntdq, avx512_vpclmulqdq, avx512_vaes, avx512_vnni, clflush, clflushopt, clwb, avx512_vbmi2, avx512_vbmi, rdtscp, rdpid, fsrm, gfni, avx512_bitalg, f16c, pku, cet_ibt, cet_ss, avx512_ifma
Processor Information for the first 4 processors :
  Max Mhz: 2995, Current Mhz: 2995, Mhz Limit: 2995

Memory: 4k page, system-wide physical 7932M (381M free)
TotalPageFile size 16124M (AvailPageFile size 4M)
current process WorkingSet (physical memory assigned to process): 160M, peak: 344M
current process commit charge ("private bytes"): 460M, peak: 461M

vm_info: OpenJDK 64-Bit Server VM (21.0.10+7-LTS) for windows-amd64 JRE (21.0.10+7-LTS), built on 2026-01-20T00:00:00Z by "admin" with MS VC++ 17.12 (VS2022)

END.
